// Vitest Snapshot v1, https://vitest.dev/guide/snapshot.html

exports[`getMaintenanceFit — snapshot matrix > matches the canonical fit matrix for all tolerance × representative bands 1`] = `
{
  "critical": {
    "$0-$0/yr": "match",
    "$100-$200/yr": "match",
    "$1500-$2500/yr": "well-above",
    "$200-$200/yr": "match",
    "$200-$201/yr": "slightly-above",
    "$250-$250/yr": "slightly-above",
    "$300-$400/yr": "well-above",
    "$400-$400/yr": "well-above",
    "$450-$500/yr": "well-above",
    "$500-$500/yr": "well-above",
    "$500-$600/yr": "well-above",
    "$600-$600/yr": "well-above",
    "$700-$750/yr": "well-above",
    "$750-$750/yr": "well-above",
    "$751-$1000/yr": "well-above",
  },
  "important": {
    "$0-$0/yr": "match",
    "$100-$200/yr": "match",
    "$1500-$2500/yr": "well-above",
    "$200-$200/yr": "match",
    "$200-$201/yr": "match",
    "$250-$250/yr": "match",
    "$300-$400/yr": "match",
    "$400-$400/yr": "match",
    "$450-$500/yr": "slightly-above",
    "$500-$500/yr": "slightly-above",
    "$500-$600/yr": "slightly-above",
    "$600-$600/yr": "well-above",
    "$700-$750/yr": "well-above",
    "$750-$750/yr": "well-above",
    "$751-$1000/yr": "well-above",
  },
  "manageable": {
    "$0-$0/yr": "match",
    "$100-$200/yr": "match",
    "$1500-$2500/yr": "well-above",
    "$200-$200/yr": "match",
    "$200-$201/yr": "match",
    "$250-$250/yr": "match",
    "$300-$400/yr": "match",
    "$400-$400/yr": "match",
    "$450-$500/yr": "match",
    "$500-$500/yr": "match",
    "$500-$600/yr": "match",
    "$600-$600/yr": "match",
    "$700-$750/yr": "slightly-above",
    "$750-$750/yr": "slightly-above",
    "$751-$1000/yr": "well-above",
  },
  "none": {
    "$0-$0/yr": "unspecified",
    "$100-$200/yr": "unspecified",
    "$1500-$2500/yr": "unspecified",
    "$200-$200/yr": "unspecified",
    "$200-$201/yr": "unspecified",
    "$250-$250/yr": "unspecified",
    "$300-$400/yr": "unspecified",
    "$400-$400/yr": "unspecified",
    "$450-$500/yr": "unspecified",
    "$500-$500/yr": "unspecified",
    "$500-$600/yr": "unspecified",
    "$600-$600/yr": "unspecified",
    "$700-$750/yr": "unspecified",
    "$750-$750/yr": "unspecified",
    "$751-$1000/yr": "unspecified",
  },
}
`;
